   1   1   1   1   1   1   1   1   1   1   1   1   1   1   1
   1   1   2   1   1   1   1   1   1   1   1   1   1   2   1
   1   1   3   1   1   1   1   1   1   1   1   1   3   1   1
   1   1   4   1   1   1   1   1   1   1   1   4   1   1   1
   1   1   5   1   1   1   1   1   1   1   5   1   1   1   1
   1   1   6   1   1   1   1   1   1   6   1   1   1   1   1
   2   1   8   9  10   1   2   1   7   1   1   1   1   1   1
   2   1   1   1  39  28  27  22   7   6   5   4   3   2   1
   2   1   1   1   1  40   2   1   7   1   1   1   1   1   1
   2   1   1   1   1  41   1   1   1   6   1   1   1   1   1
   2   1   1   1  42   1   1   1   1   1   5   1   1   1   1
   2   1   1   1  43   1   1   1   1   1   1   4   1   1   1
   2   1   1   1  44   1   1   1   1   1   1   1   3   1   1
   2   1   1   1  45   1   1   1   1   1   1   1   1   2   1
   1   1   1   1  46   1   1   1   1   1   1   1   1   1   1