  5  20   5  10   5  20   5  10   5  15
  4  19   4   9   4  19   4   9   4  14
  3  18   3   8   3  18   3   8   3  13
  2  17   2   7   2  17   2   7   2  12
  1  16   1   6   1  16   1   6   1  11
  5   5   5   5   5   5   5   5   5   5
  4   4   4   4   4   4   4   4   4   4
  3   3   3   3   3   3   3   3   3   3
  2   2   2   2   2   2   2   2   2   2
  1   1   1   1   1   1   1   1   1   1
