   4   3   2   1   1   1   1   1   1   1   1   1   1   1   1
   5   4   3   2   2   2   2   2   1   1   1   1   1   1   1
   6   5   4   3   3   3   3   2   1   1   1   1   1   1   1
   7   6   5   4   4   4   3   2   1   1   1   1   1   1   1
   8   7   6   5   5   4   3   2   1   1   1   1   1   1   1
  24  23  22  21  15  10   6   3   1   1   1   1   1   1   1
   1   1   1   1   1   1   1   1   1   1   1   1   1   1   1
   1   1   1   1   1   1   1   1   1   1   1   1   1   1   1
   1   1   1   1   1   1   1   1   1   1   1   1   1   1   1
   1   1   1   1   1   1   1   1   1   1   1   1   1   1   1
   1   1   1   1   1   1   1   1   1   1   1   1   1   1   1
   1   1   1   1   1   1   1   1   1   1   1   1   1   1   1
   1   1   1   1   1   1   1   1   1   1   1   1   1   1   1
   1   1   1   1   1   1   1   1   1   1   1   1   1   1   1
   1   1   1   1   1   1   1   1   1   1   1   1   1   1   1
