ncols         10
nrows         10
xllcorner     481568
yllcorner     4878699
cellsize      3
NODATA_value  9
0 0 0 0 0 0 0 0 0 0
0 8 8 8 8 8 8 8 8 0
0 8 8 8 8 8 8 8 8 0
0 8 8 1 1 1 8 8 8 0
0 8 8 1 1 1 8 8 8 0
0 8 8 1 1 1 8 8 8 0
0 8 8 8 8 4 8 8 8 0
0 8 8 8 8 4 8 8 8 0 
0 8 8 8 8 4 8 8 8 0
0 0 0 0 0 0 0 0 0 0