ncols         10
nrows         10
xllcorner     421568
yllcorner     4872699
cellsize      3
NODATA_value  -1
  1   1   1   1  24   1   1   1   1   1
  1   1   1   1  23   1   1   1   1   1
  1   1   1   1  22   1   1   1   1   1
  1   1   1   1  21   1   1   1   1   1
  1   1   1   1  20   1   1   1   1   1
  2   1   2   1  19   1   1   1   1   1
  3   1   3   1  18   1   1   1   1   1
  4   1   4   1  17   1   1   1   1   1
  5   1   5   1  16   1   1   1   1   1
  6   7  13  14  15   1   1   1   1   1
