ncols         10
nrows         10
xllcorner     421568
yllcorner     4872699
cellsize      3
NODATA_value  -1
  1   1   1   1   1   1   1   1   1  24
  1   1   1   1   1   1   1   1   1  23
  1   1   1   1   1   1   1   1   1  22
  1   1   1   1   1   1   1   1   1  21
  1   4   5   8   9  12  13  16  17  20
  2   3   6   7  10  11  14  15  18  19
  1   1   1   1   1   1   1   1   1   1
  1   1   1   1   1   1   1   1   1   1
  1   1   1   1   1   1   1   1   1   1
  1   1   1   1   1   1   1   1   1   1
