ncols         10
nrows         10
xllcorner     421568
yllcorner     4872699
cellsize      3
NODATA_value  -1
   1   1   1   1   1   1   1   1   1   1
   1   2   2   2   2   2   2   2   2   2
   1   2   3   3   3   3   3   3   3   3
   1   2   3   4   4   4   4   4   4   4
   1   2   3   4   5   5   5   5   5   5
   1   2   3   4   5   6   6   6   6   6
   1   2   3   4   5   6   7   7   7   7
   1   2   3   4   5   6   7   8   8   8
   1   2   3   4   5   6   7   8   9   9
   1   2   3   4   5   6   7   8   9  10
