ncols         10
nrows         10
xllcorner     421568
yllcorner     4872699
cellsize      3
NODATA_value  -1
  1   1   1   1   1   1   1   1   1   1
  1   1   1   1   1   1   1   1   1   1
  1   1   1   1   1   1   1   1   1   1
  1   1   1   1   1   1   1   1   1   1
  1   2   4   6   1   1   1   1   2   1
  1   3   5   7   1   1   1   1   3   1
  1   1   1   1   1   1   1   1   1   1
  1   1   1   1   1   1   1   1   1   1
  1   1   1   1   1   1   1   1   1   1
  1   1   1   1   1   1   1   1   1   1
