ncols         15
nrows         15
xllcorner     421568
yllcorner     4872699
cellsize      3
NODATA_value  -1
   1   1   1   1   1   1   1   1   1   1   1   1   1   1   1
   1   1   1   1   1   1   1   1   1   1   1   1   1   1   1
   1   1   1   1   1   1   1   1   1   1   1   1   1   1   1
   1   1   1   1   1   1   1   1   1   1   1   1   1   1   1
   1   1   1   1   1   1   1   1   1   1   1   1   1   1   1
   1   1   1   1   1   1   1   1   1   1   1   1   1   1   1
   1   1   1   1   1   1   1   1   1   1   1   1   1   1   1
   1   1   1   1   1   1   1   1   1   1   1   1   1   1   1
   1   1   1   1   1   1   1   1   1   1   1   1   1   1   1
   1   1   1   1   1   1   1   1   1   1   1   1   1   1   1
   1   1   1   2   3   4   5   1   1   1   1   1   1   1   1
   1   1   1   1   1   1   1   6   1   1   1   1   1   1   1
   1   1   1   1   1   1   1   1   7   1   1   1   1   1   1
   1   1   1   1   1   1   1   1   8   1   1   1   1   1   1
   1   1   1   1   1   1   1   1   9   1   1   1   1   1   1
