ncols         10
nrows         10
xllcorner     421568
yllcorner     4872699
cellsize      3
NODATA_value  -1
  10   9   8   7   6   5   4   3   2   1
  10   9   8   7   6   5   4   3   2   1
  10   9   8   7   6   5   4   3   2   1
  10   9   8   7   6   5   4   3   2   1
  10   9   8   7   6   5   4   3   2   1
  10   9   8   7   6   5   4   3   2   1
  10   9   8   7   6   5   4   3   2   1
  10   9   8   7   6   5   4   3   2   1
  10   9   8   7   6   5   4   3   2   1
  10   9   8   7   6   5   4   3   2   1
