   1   1   1   1   1   1   1   1   1   1   1   1   1   1   1
   1   1   1   1   1   1   1   1   1   1   1   1   1   2   1
   1   1   1   1   1   1   1   1   1   1   1   1   3   1   1
   1   1   1   1   1   1   1   1   1   1   1   4   1   1   1
   1   1   1   1   1   1   1   1   1   1   5   1   1   1   1
   1   1   1   1   1   1   1   1   1   6   1   1   1   1   1
   1   1   1   1   1   1   2   1   7   1   1   1   1   1   1
   1   1  31  30  29  28  27  22   7   6   5   4   3   2   1
   1   1  32   1   1   1   2   1   7   1   1   1   1   1   1
   1   1  33   1   1   1   1   1   1   6   1   1   1   1   1
   1   1  34   1   1   1   1   1   1   1   5   1   1   1   1
   1   1  35   1   1   1   1   1   1   1   1   4   1   1   1
   1   1  36   1   1   1   1   1   1   1   1   1   3   1   1
   1   1  37   1   1   1   1   1   1   1   1   1   1   2   1
   1   1  38   1   1   1   1   1   1   1   1   1   1   1   1
