ncols         10
nrows         10
xllcorner     421568
yllcorner     4872699
cellsize      3
NODATA_value  9
0 0 0 0 0 0 0 0 0 0
0 0 0 0 0 0 0 0 0 0
0 2 2 2 2 0 0 0 0 0
0 2 2 2 2 2 2 2 0 0
0 2 2 2 2 0 0 2 0 0
0 0 2 2 2 0 0 2 0 0
0 0 2 2 2 0 0 2 0 0
0 0 0 0 2 2 2 2 0 0 
0 0 0 0 0 0 0 0 0 0
0 0 0 0 0 0 0 0 0 0